2026-07-06 11:22:17, MOVE, v:1, k:ed@serial, mode:PICK
2026-07-06 11:32:12, MOVE, v:1, k:ed@serial, mode:EDIT
2026-07-06 11:34:01, MOVE, v:1, k:ed@serial, mode:EDIT
2026-07-06 11:42:15, MOVE, v:1, k:ed@serial, mode:EDIT
2026-07-06 11:43:45, MOVE, v:1, k:ed@serial, mode:EDIT
2026-07-06 12:05:00, MOVE, v:1, k:ed@serial, mode:BACK
2026-07-06 12:07:57, SELF, v:1, k:ed@fractais_png, self:1
2026-07-06 12:07:57, MOVE, v:1, k:ed@fractais_png, mode:PICK
2026-07-06 12:07:58, MOVE, v:1, k:ed@fractais_png, mode:BACK
2026-07-06 12:08:04, SELF, v:1, k:ed@fractais_png, self:1, rate:100
2026-07-06 13:13:40, MOVE, v:1, k:ed@serial, mode:EDIT
2026-07-06 13:56:38, MOVE, v:1, k:ed@serial, mode:EDIT
2026-07-06 14:07:00, MOVE, v:1, k:ed@serial, mode:PICK
2026-07-06 14:07:10, EXEC, v:1, k:ed@serial, mode:FULL, rate:0, size:84
2026-07-06 14:08:29, MOVE, v:1, k:ed@serial, mode:EDIT
2026-07-06 14:07:09, MOVE, v:1, k:ed@serial, mode:EDIT
2026-07-06 14:08:32, EXEC, v:1, k:ed@serial, mode:FULL, rate:0, size:85
2026-07-06 14:08:33, EXEC, v:1, k:ed@serial, mode:FULL, rate:0
2026-07-06 14:09:43, EXEC, v:1, k:ed@serial, mode:FULL, rate:0
2026-07-06 14:10:07, EXEC, v:1, k:ed@serial, mode:FULL, rate:0, size:85
2026-07-06 14:10:08, EXEC, v:1, k:ed@serial, mode:FULL, rate:0
2026-07-06 14:10:56, EXEC, v:1, k:ed@serial, mode:FULL, rate:0
2026-07-06 14:10:56, MOVE, v:1, k:ed@serial, mode:EDIT
2026-07-06 14:10:39, MOVE, v:1, k:ed@serial, mode:EDIT
2026-07-06 14:23:23, EXEC, v:1, k:ed@serial, mode:FULL, rate:0, size:83
2026-07-06 14:21:28, MOVE, v:1, k:ed@serial, mode:EDIT
2026-07-06 14:23:22, MOVE, v:1, k:ed@serial, mode:EDIT
2026-07-06 14:23:59, EXEC, v:1, k:ed@serial, mode:FULL, rate:0
2026-07-06 14:25:48, EXEC, v:1, k:ed@serial, mode:FULL, rate:0, size:83
2026-07-06 14:25:48, EXEC, v:1, k:ed@serial, mode:FULL, rate:0, size:83
2026-07-06 14:26:43, EXEC, v:1, k:ed@serial, mode:FULL, rate:14, size:83
2026-07-06 14:26:49, EXEC, v:1, k:ed@serial, mode:FULL, rate:14, size:83
2026-07-06 14:26:50, EXEC, v:1, k:ed@serial, mode:FULL, rate:14
2026-07-06 14:26:50, EXEC, v:1, k:ed@serial, mode:FULL, rate:14
2026-07-06 14:27:00, EXEC, v:1, k:ed@serial, mode:FULL, rate:14, size:83
2026-07-06 14:27:09, EXEC, v:1, k:ed@serial, mode:FULL, rate:14
2026-07-06 14:27:16, EXEC, v:1, k:ed@serial, mode:FULL, rate:14, size:83
2026-07-06 14:27:16, MOVE, v:1, k:ed@serial, mode:EDIT
2026-07-06 14:28:28, MOVE, v:1, k:ed@serial, mode:EDIT
2026-07-06 14:28:44, EXEC, v:1, k:ed@serial, mode:FULL, rate:100, size:86
2026-07-06 14:28:45, MOVE, v:1, k:ed@serial, mode:BACK
2026-07-06 14:28:55, SELF, v:1, k:ed@serial, self:1, rate:100, study:40
2026-07-06 14:31:36, MOVE, v:1, k:ed@formatada, mode:DOWN
2026-07-06 14:31:43, MOVE, v:1, k:ed@formatada, mode:PICK
2026-07-06 14:28:43, MOVE, v:1, k:ed@serial, mode:EDIT
2026-07-06 14:28:44, MOVE, v:1, k:ed@serial, mode:EDIT
2026-07-06 14:31:36, MOVE, v:1, k:ed@formatada, mode:EDIT
2026-07-06 14:31:36, MOVE, v:1, k:ed@formatada, mode:EDIT
2026-07-06 14:37:46, MOVE, v:1, k:ed@formatada, mode:BACK
2026-07-06 14:57:39, MOVE, v:1, k:ed@formatada, mode:PICK
2026-07-06 15:02:34, MOVE, v:1, k:ed@formatada, mode:EDIT
2026-07-06 15:04:05, EXEC, v:1, k:ed@formatada, mode:FULL, rate:0, size:100
2026-07-06 15:04:36, EXEC, v:1, k:ed@formatada, mode:FULL, rate:14, size:100
2026-07-06 15:04:51, EXEC, v:1, k:ed@formatada, mode:FULL, rate:14, size:100
2026-07-06 15:05:26, EXEC, v:1, k:ed@formatada, mode:FULL, rate:14, size:100
2026-07-06 15:05:36, EXEC, v:1, k:ed@formatada, mode:FULL, rate:14, size:100
2026-07-06 15:05:37, EXEC, v:1, k:ed@formatada, mode:FULL, rate:14
2026-07-06 15:05:52, EXEC, v:1, k:ed@formatada, mode:FULL, rate:14, size:100
2026-07-06 15:06:31, EXEC, v:1, k:ed@formatada, mode:FULL, size:101, fail:COMP
2026-07-06 15:06:32, EXEC, v:1, k:ed@formatada, mode:FULL, rate:14, size:100
2026-07-06 15:07:34, MOVE, v:1, k:ed@formatada, mode:EDIT
2026-07-06 15:06:32, MOVE, v:1, k:ed@formatada, mode:EDIT
2026-07-06 15:10:37, EXEC, v:1, k:ed@formatada, mode:FULL, rate:14, size:81
2026-07-06 15:11:41, EXEC, v:1, k:ed@formatada, mode:FULL, rate:14, size:83
2026-07-06 15:11:58, EXEC, v:1, k:ed@formatada, mode:FULL, rate:0, size:83
2026-07-06 15:12:33, EXEC, v:1, k:ed@formatada, mode:FULL, rate:0, size:85
2026-07-06 15:12:32, MOVE, v:1, k:ed@formatada, mode:EDIT
2026-07-06 15:12:33, MOVE, v:1, k:ed@formatada, mode:EDIT
2026-07-06 15:13:03, EXEC, v:1, k:ed@formatada, mode:FULL, rate:14, size:86
2026-07-06 15:13:13, EXEC, v:1, k:ed@formatada, mode:FULL, rate:14, size:86
2026-07-06 15:13:36, EXEC, v:1, k:ed@formatada, mode:FULL, rate:14, size:86
2026-07-06 15:13:42, EXEC, v:1, k:ed@formatada, mode:FULL, rate:14
2026-07-06 15:13:50, EXEC, v:1, k:ed@formatada, mode:FULL, rate:14, size:86
2026-07-06 15:14:11, EXEC, v:1, k:ed@formatada, mode:FULL, rate:14, size:86
2026-07-06 15:14:45, EXEC, v:1, k:ed@formatada, mode:FULL, rate:0, size:86
2026-07-06 15:15:08, EXEC, v:1, k:ed@formatada, mode:FULL, rate:0, size:86
2026-07-06 15:17:01, EXEC, v:1, k:ed@formatada, mode:FULL, rate:0, size:86
2026-07-06 15:17:09, EXEC, v:1, k:ed@formatada, mode:FULL, rate:14, size:86
2026-07-06 15:17:08, MOVE, v:1, k:ed@formatada, mode:EDIT
2026-07-06 15:17:09, MOVE, v:1, k:ed@formatada, mode:EDIT
2026-07-06 15:42:38, MOVE, v:1, k:ed@formatada, mode:BACK
2026-07-06 15:42:41, MOVE, v:1, k:ed@formatada, mode:PICK
2026-07-06 15:47:22, MOVE, v:1, k:ed@formatada, mode:EDIT
2026-07-06 15:49:22, EXEC, v:1, k:ed@formatada, mode:FULL, size:84, fail:COMP
2026-07-06 15:49:31, EXEC, v:1, k:ed@formatada, mode:FULL, rate:14, size:84
2026-07-06 15:51:51, EXEC, v:1, k:ed@formatada, mode:FULL, rate:0, size:88
2026-07-06 15:51:53, EXEC, v:1, k:ed@formatada, mode:FULL, rate:0
2026-07-06 15:52:04, EXEC, v:1, k:ed@formatada, mode:FULL, rate:0
2026-07-06 15:52:09, EXEC, v:1, k:ed@formatada, mode:FULL, rate:0, size:86
2026-07-06 15:52:04, MOVE, v:1, k:ed@formatada, mode:EDIT
2026-07-06 15:52:08, MOVE, v:1, k:ed@formatada, mode:EDIT
2026-07-06 15:53:06, EXEC, v:1, k:ed@formatada, mode:FULL, rate:0, size:86
2026-07-06 15:53:18, EXEC, v:1, k:ed@formatada, mode:FULL, rate:0, size:86
2026-07-06 15:53:42, EXEC, v:1, k:ed@formatada, mode:FULL, rate:0, size:88
2026-07-06 15:54:19, EXEC, v:1, k:ed@formatada, mode:FULL, rate:0, size:81
2026-07-06 15:54:21, EXEC, v:1, k:ed@formatada, mode:FULL, rate:0
2026-07-06 15:55:30, EXEC, v:1, k:ed@formatada, mode:FULL, rate:0, size:85
2026-07-06 15:55:31, EXEC, v:1, k:ed@formatada, mode:FULL, rate:0
2026-07-06 15:55:35, EXEC, v:1, k:ed@formatada, mode:FULL, rate:0, size:85
2026-07-06 15:55:36, EXEC, v:1, k:ed@formatada, mode:FULL, rate:0
2026-07-06 15:56:16, EXEC, v:1, k:ed@formatada, mode:FULL, rate:14, size:86
2026-07-06 15:56:15, MOVE, v:1, k:ed@formatada, mode:EDIT
2026-07-06 15:56:15, MOVE, v:1, k:ed@formatada, mode:EDIT
2026-07-06 15:58:48, EXEC, v:1, k:ed@formatada, mode:FULL, rate:14, size:97
2026-07-06 15:58:49, EXEC, v:1, k:ed@formatada, mode:FULL, rate:14
2026-07-06 15:59:04, EXEC, v:1, k:ed@formatada, mode:FULL, rate:14, size:98
2026-07-06 15:59:05, EXEC, v:1, k:ed@formatada, mode:FULL, rate:14
2026-07-06 15:59:14, EXEC, v:1, k:ed@formatada, mode:FULL, rate:14, size:97
2026-07-06 15:59:51, EXEC, v:1, k:ed@formatada, mode:FULL, rate:14, size:99
2026-07-06 15:59:52, EXEC, v:1, k:ed@formatada, mode:FULL, rate:14
2026-07-06 16:00:15, EXEC, v:1, k:ed@formatada, mode:FULL, rate:14, size:100
2026-07-06 16:00:17, EXEC, v:1, k:ed@formatada, mode:FULL, rate:14
2026-07-06 16:00:27, EXEC, v:1, k:ed@formatada, mode:FULL, rate:14, size:101
2026-07-06 16:01:11, EXEC, v:1, k:ed@formatada, mode:FULL, rate:14, size:102
2026-07-06 16:01:15, EXEC, v:1, k:ed@formatada, mode:FULL, rate:14, size:85
2026-07-06 16:01:51, EXEC, v:1, k:ed@formatada, mode:FULL, rate:14, size:84
2026-07-06 16:01:59, EXEC, v:1, k:ed@formatada, mode:FULL, rate:14, size:84
2026-07-06 16:02:23, EXEC, v:1, k:ed@formatada, mode:FULL, rate:0, size:84
2026-07-06 16:02:34, EXEC, v:1, k:ed@formatada, mode:FULL, rate:14, size:84
2026-07-06 16:02:33, MOVE, v:1, k:ed@formatada, mode:EDIT
2026-07-06 16:02:34, MOVE, v:1, k:ed@formatada, mode:EDIT
2026-07-06 16:02:55, EXEC, v:1, k:ed@formatada, mode:FULL, rate:14, size:84
2026-07-06 16:03:04, EXEC, v:1, k:ed@formatada, mode:FULL, rate:14, size:84
2026-07-06 16:03:08, EXEC, v:1, k:ed@formatada, mode:FULL, rate:14
2026-07-06 16:03:22, EXEC, v:1, k:ed@formatada, mode:FULL, rate:0, size:84
2026-07-06 16:04:34, EXEC, v:1, k:ed@formatada, mode:FULL, rate:14, size:89
2026-07-06 16:05:14, EXEC, v:1, k:ed@formatada, mode:FULL, rate:14, size:89
2026-07-06 16:05:25, EXEC, v:1, k:ed@formatada, mode:FULL, rate:14, size:89
2026-07-06 16:05:38, EXEC, v:1, k:ed@formatada, mode:FULL, rate:14, size:89
2026-07-06 16:05:48, EXEC, v:1, k:ed@formatada, mode:FULL, rate:14, size:89
2026-07-06 16:06:04, EXEC, v:1, k:ed@formatada, mode:FULL, rate:14, size:89
2026-07-06 16:07:09, EXEC, v:1, k:ed@formatada, mode:FULL, rate:14, size:90
2026-07-06 16:07:16, EXEC, v:1, k:ed@formatada, mode:FULL, rate:14
2026-07-06 16:07:32, EXEC, v:1, k:ed@formatada, mode:FULL, rate:14, size:90
2026-07-06 16:07:31, MOVE, v:1, k:ed@formatada, mode:EDIT
2026-07-06 16:07:32, MOVE, v:1, k:ed@formatada, mode:EDIT
2026-07-06 16:07:48, EXEC, v:1, k:ed@formatada, mode:FULL, rate:14, size:90
2026-07-06 16:08:13, EXEC, v:1, k:ed@formatada, mode:FULL, size:90, fail:COMP
2026-07-06 16:08:14, EXEC, v:1, k:ed@formatada, mode:FULL, fail:COMP
2026-07-06 16:08:18, EXEC, v:1, k:ed@formatada, mode:FULL, rate:14, size:90
2026-07-06 16:08:24, EXEC, v:1, k:ed@formatada, mode:FULL, rate:14, size:90
2026-07-06 16:08:31, EXEC, v:1, k:ed@formatada, mode:FULL, rate:14, size:90
2026-07-06 16:09:32, EXEC, v:1, k:ed@formatada, mode:FULL, rate:0, size:89
2026-07-06 16:09:39, EXEC, v:1, k:ed@formatada, mode:FULL, rate:14, size:89
2026-07-06 16:10:09, EXEC, v:1, k:ed@formatada, mode:FULL, rate:14, size:89
2026-07-06 16:10:12, EXEC, v:1, k:ed@formatada, mode:FULL, rate:14
2026-07-06 16:10:42, EXEC, v:1, k:ed@formatada, mode:FULL, rate:14, size:89
2026-07-06 16:12:20, EXEC, v:1, k:ed@formatada, mode:FULL, rate:14, size:89
2026-07-06 16:12:19, MOVE, v:1, k:ed@formatada, mode:EDIT
2026-07-06 16:12:20, MOVE, v:1, k:ed@formatada, mode:EDIT
2026-07-06 16:16:19, EXEC, v:1, k:ed@formatada, mode:FULL, rate:14, size:82
2026-07-06 16:17:37, MOVE, v:1, k:ed@formatada, mode:EDIT
2026-07-06 16:16:19, MOVE, v:1, k:ed@formatada, mode:EDIT
2026-07-06 16:17:44, EXEC, v:1, k:ed@formatada, mode:FULL, rate:14, size:93
2026-07-06 16:18:30, EXEC, v:1, k:ed@formatada, mode:FULL, rate:14, size:95
2026-07-06 16:19:32, EXEC, v:1, k:ed@formatada, mode:FULL, rate:14, size:95
2026-07-06 16:20:26, EXEC, v:1, k:ed@formatada, mode:FULL, rate:14, size:97
2026-07-06 16:20:27, EXEC, v:1, k:ed@formatada, mode:FULL, rate:14
2026-07-06 16:20:31, EXEC, v:1, k:ed@formatada, mode:FULL, rate:14
2026-07-06 16:20:56, EXEC, v:1, k:ed@formatada, mode:FULL, rate:14, size:95
2026-07-06 16:21:02, EXEC, v:1, k:ed@formatada, mode:FULL, rate:14
2026-07-06 16:21:13, EXEC, v:1, k:ed@formatada, mode:FULL, rate:14, size:95
2026-07-06 16:21:24, EXEC, v:1, k:ed@formatada, mode:FULL, rate:14, size:95
2026-07-06 16:21:39, EXEC, v:1, k:ed@formatada, mode:FULL, rate:14, size:97
2026-07-06 16:22:34, EXEC, v:1, k:ed@formatada, mode:FULL, rate:14, size:92
2026-07-06 16:22:37, EXEC, v:1, k:ed@formatada, mode:FULL, rate:14
2026-07-06 16:22:33, MOVE, v:1, k:ed@formatada, mode:EDIT
2026-07-06 16:22:36, MOVE, v:1, k:ed@formatada, mode:EDIT
2026-07-06 16:22:46, EXEC, v:1, k:ed@formatada, mode:FULL, rate:14
2026-07-06 16:23:13, EXEC, v:1, k:ed@formatada, mode:FULL, rate:0, size:92
2026-07-06 16:24:03, EXEC, v:1, k:ed@formatada, mode:FULL, rate:14, size:92
2026-07-06 16:24:41, EXEC, v:1, k:ed@formatada, mode:FULL, rate:0, size:89
2026-07-06 16:25:06, EXEC, v:1, k:ed@formatada, mode:FULL, rate:0, size:90
2026-07-06 16:25:06, MOVE, v:1, k:ed@formatada, mode:EDIT
2026-07-06 16:27:35, MOVE, v:1, k:ed@formatada, mode:EDIT
2026-07-06 16:28:08, EXEC, v:1, k:ed@formatada, mode:FULL, rate:0, size:90
2026-07-06 16:28:10, EXEC, v:1, k:ed@formatada, mode:FULL, rate:0
2026-07-06 16:28:22, EXEC, v:1, k:ed@formatada, mode:FULL, rate:0, size:90
2026-07-06 16:28:20, MOVE, v:1, k:ed@formatada, mode:EDIT
2026-07-06 16:28:21, MOVE, v:1, k:ed@formatada, mode:EDIT
2026-07-06 16:37:05, MOVE, v:1, k:ed@formatada, mode:EDIT
2026-07-06 16:38:13, EXEC, v:1, k:ed@formatada, mode:FULL, rate:14, size:86
2026-07-06 16:39:22, EXEC, v:1, k:ed@formatada, mode:FULL, rate:28, size:91
2026-07-06 16:40:27, EXEC, v:1, k:ed@formatada, mode:FULL, rate:14, size:94
2026-07-06 16:40:28, EXEC, v:1, k:ed@formatada, mode:FULL, rate:14
2026-07-06 16:41:31, EXEC, v:1, k:ed@formatada, mode:FULL, rate:14, size:94
2026-07-06 16:41:47, EXEC, v:1, k:ed@formatada, mode:FULL, rate:14, size:94
2026-07-06 16:42:06, EXEC, v:1, k:ed@formatada, mode:FULL, rate:28, size:95
2026-07-06 16:42:06, MOVE, v:1, k:ed@formatada, mode:EDIT
2026-07-06 16:42:06, MOVE, v:1, k:ed@formatada, mode:EDIT
2026-07-06 16:44:29, EXEC, v:1, k:ed@formatada, mode:FULL, rate:28, size:96
2026-07-06 16:44:33, EXEC, v:1, k:ed@formatada, mode:FULL, rate:28
2026-07-06 16:45:22, EXEC, v:1, k:ed@formatada, mode:FULL, rate:14, size:96
2026-07-06 16:45:30, EXEC, v:1, k:ed@formatada, mode:FULL, rate:28, size:104
2026-07-06 16:46:46, EXEC, v:1, k:ed@formatada, mode:FULL, rate:14, size:104
2026-07-06 16:46:52, EXEC, v:1, k:ed@formatada, mode:FULL, rate:28, size:104
2026-07-06 16:46:51, MOVE, v:1, k:ed@formatada, mode:EDIT
2026-07-06 16:46:52, MOVE, v:1, k:ed@formatada, mode:EDIT
2026-07-06 16:50:00, EXEC, v:1, k:ed@formatada, mode:FULL, rate:28, size:104
2026-07-06 16:50:08, EXEC, v:1, k:ed@formatada, mode:FULL, rate:28, size:104
2026-07-06 16:50:19, EXEC, v:1, k:ed@formatada, mode:FULL, rate:28, size:104
2026-07-06 16:52:38, MOVE, v:1, k:ed@formatada, mode:EDIT
2026-07-06 16:50:19, MOVE, v:1, k:ed@formatada, mode:EDIT
2026-07-06 16:53:13, EXEC, v:1, k:ed@formatada, mode:FULL, rate:14, size:102
2026-07-06 16:53:15, EXEC, v:1, k:ed@formatada, mode:FULL, rate:14
2026-07-06 16:53:44, EXEC, v:1, k:ed@formatada, mode:FULL, rate:14, size:102
2026-07-06 16:54:21, EXEC, v:1, k:ed@formatada, mode:FULL, rate:14, size:101
2026-07-06 16:54:22, EXEC, v:1, k:ed@formatada, mode:FULL, rate:14
2026-07-06 16:54:46, EXEC, v:1, k:ed@formatada, mode:FULL, rate:14, size:112
2026-07-06 16:54:47, EXEC, v:1, k:ed@formatada, mode:FULL, rate:14
2026-07-06 16:56:10, EXEC, v:1, k:ed@formatada, mode:FULL, rate:100, size:123
2026-07-06 16:56:11, MOVE, v:1, k:ed@formatada, mode:BACK
2026-07-06 16:56:26, SELF, v:1, k:ed@formatada, self:1, rate:100, study:70
2026-07-06 16:56:59, MOVE, v:1, k:ed@inverter, mode:DOWN
2026-07-06 16:56:59, MOVE, v:1, k:ed@inverter, mode:PICK
2026-07-06 16:56:09, MOVE, v:1, k:ed@formatada, mode:EDIT
2026-07-06 16:56:10, MOVE, v:1, k:ed@formatada, mode:EDIT
2026-07-06 16:56:59, MOVE, v:1, k:ed@inverter, mode:EDIT
2026-07-06 16:57:39, MOVE, v:1, k:ed@inverter, mode:EDIT
2026-07-06 16:59:52, EXEC, v:1, k:ed@inverter, mode:FULL, rate:100, size:84
2026-07-06 16:59:57, MOVE, v:1, k:ed@inverter, mode:BACK
2026-07-06 17:00:04, SELF, v:1, k:ed@inverter, self:1, rate:100, study:2
2026-07-06 17:01:08, MOVE, v:1, k:ed@clonar, mode:DOWN
2026-07-06 17:01:12, MOVE, v:1, k:ed@clonar, mode:PICK
2026-07-06 17:01:28, MOVE, v:1, k:ed@clonar, mode:BACK
2026-07-06 17:01:29, MOVE, v:1, k:ed@clonar, mode:PICK
2026-07-06 16:59:48, MOVE, v:1, k:ed@inverter, mode:EDIT
2026-07-06 16:59:52, MOVE, v:1, k:ed@inverter, mode:EDIT
2026-07-06 17:01:08, MOVE, v:1, k:ed@clonar, mode:EDIT
2026-07-06 17:01:08, MOVE, v:1, k:ed@clonar, mode:EDIT
2026-07-06 17:04:42, EXEC, v:1, k:ed@clonar, mode:FULL, rate:33, size:81
2026-07-06 17:06:09, EXEC, v:1, k:ed@clonar, mode:FULL, rate:33, size:83
2026-07-06 17:06:51, EXEC, v:1, k:ed@clonar, mode:FULL, rate:0, size:86
2026-07-06 17:06:55, EXEC, v:1, k:ed@clonar, mode:FULL, rate:0
2026-07-06 17:07:34, MOVE, v:1, k:ed@clonar, mode:EDIT
2026-07-06 17:06:55, MOVE, v:1, k:ed@clonar, mode:EDIT
2026-07-06 17:07:50, EXEC, v:1, k:ed@clonar, mode:FULL, rate:0, size:87
2026-07-06 17:08:22, EXEC, v:1, k:ed@clonar, mode:FULL, size:89, fail:COMP
2026-07-06 17:08:52, EXEC, v:1, k:ed@clonar, mode:FULL, rate:0, size:88
2026-07-06 17:08:52, EXEC, v:1, k:ed@clonar, mode:FULL, rate:0, size:88
2026-07-06 17:08:53, EXEC, v:1, k:ed@clonar, mode:FULL, rate:0, size:88
2026-07-06 17:09:49, EXEC, v:1, k:ed@clonar, mode:FULL, rate:0, size:89
2026-07-06 17:10:21, EXEC, v:1, k:ed@clonar, mode:FULL, rate:0, size:88
2026-07-06 17:10:22, EXEC, v:1, k:ed@clonar, mode:FULL, rate:0
2026-07-06 17:10:33, EXEC, v:1, k:ed@clonar, mode:FULL, rate:0, size:88
2026-07-06 17:10:49, EXEC, v:1, k:ed@clonar, mode:FULL, rate:0, size:88
2026-07-06 17:10:59, EXEC, v:1, k:ed@clonar, mode:FULL, rate:0
2026-07-06 17:11:02, EXEC, v:1, k:ed@clonar, mode:FULL, rate:0, size:88
2026-07-06 17:11:58, EXEC, v:1, k:ed@clonar, mode:FULL, size:79, fail:COMP
2026-07-06 17:12:10, EXEC, v:1, k:ed@clonar, mode:FULL, rate:0, size:80
2026-07-06 17:12:10, MOVE, v:1, k:ed@clonar, mode:EDIT
2026-07-06 17:12:10, MOVE, v:1, k:ed@clonar, mode:EDIT
2026-07-06 17:12:50, EXEC, v:1, k:ed@clonar, mode:FULL, rate:0, size:80
2026-07-06 17:13:55, EXEC, v:1, k:ed@clonar, mode:FULL, rate:0, size:81
2026-07-06 17:14:56, EXEC, v:1, k:ed@clonar, mode:FULL, rate:0
2026-07-06 17:14:57, EXEC, v:1, k:ed@clonar, mode:FULL, rate:0, size:80
2026-07-06 17:14:57, EXEC, v:1, k:ed@clonar, mode:FULL, rate:0
2026-07-06 17:15:13, EXEC, v:1, k:ed@clonar, mode:FULL, size:77, fail:COMP
2026-07-06 17:15:14, EXEC, v:1, k:ed@clonar, mode:FULL, fail:COMP
2026-07-06 17:15:15, EXEC, v:1, k:ed@clonar, mode:FULL, fail:COMP
2026-07-06 17:15:20, EXEC, v:1, k:ed@clonar, mode:FULL, rate:0, size:77
2026-07-06 17:16:27, EXEC, v:1, k:ed@clonar, mode:FULL, rate:0, size:81
2026-07-06 17:16:35, EXEC, v:1, k:ed@clonar, mode:FULL, rate:33, size:79
2026-07-06 17:17:05, EXEC, v:1, k:ed@clonar, mode:FULL, rate:0, size:79
2026-07-06 17:17:29, EXEC, v:1, k:ed@clonar, mode:FULL, rate:0, size:81
2026-07-06 17:17:29, MOVE, v:1, k:ed@clonar, mode:EDIT
2026-07-06 17:17:29, MOVE, v:1, k:ed@clonar, mode:EDIT
2026-07-06 17:19:10, EXEC, v:1, k:ed@clonar, mode:FULL, rate:0, size:80
2026-07-06 17:19:46, EXEC, v:1, k:ed@clonar, mode:FULL, rate:0, size:81
2026-07-06 17:20:07, EXEC, v:1, k:ed@clonar, mode:FULL, rate:0, size:82
2026-07-06 17:22:17, EXEC, v:1, k:ed@clonar, mode:FULL, rate:0, size:82
2026-07-06 17:22:38, MOVE, v:1, k:ed@clonar, mode:EDIT
2026-07-06 17:22:17, MOVE, v:1, k:ed@clonar, mode:EDIT
2026-07-06 17:22:43, EXEC, v:1, k:ed@clonar, mode:FULL, rate:0, size:82
2026-07-06 17:22:44, EXEC, v:1, k:ed@clonar, mode:FULL, rate:0
2026-07-06 17:22:56, EXEC, v:1, k:ed@clonar, mode:FULL, rate:100, size:83
2026-07-06 17:22:58, MOVE, v:1, k:ed@clonar, mode:BACK
2026-07-06 17:23:04, SELF, v:1, k:ed@clonar, self:1, rate:100, study:20
2026-07-06 17:23:15, MOVE, v:1, k:ed@soma, mode:DOWN
2026-07-06 17:23:54, MOVE, v:1, k:ed@soma, mode:PICK
2026-07-06 17:24:35, MOVE, v:1, k:ed@soma, mode:BACK
2026-07-06 17:24:37, MOVE, v:1, k:ed@clonar, mode:PICK
2026-07-06 17:24:45, MOVE, v:1, k:ed@clonar, mode:BACK
2026-07-06 17:25:13, MOVE, v:1, k:ed@clonar, mode:PICK
2026-07-06 17:25:23, MOVE, v:1, k:ed@clonar, mode:BACK
2026-07-06 17:25:25, MOVE, v:1, k:ed@soma, mode:PICK
2026-07-06 17:22:55, MOVE, v:1, k:ed@clonar, mode:EDIT
2026-07-06 17:22:56, MOVE, v:1, k:ed@clonar, mode:EDIT
2026-07-06 17:23:15, MOVE, v:1, k:ed@soma, mode:EDIT
2026-07-06 17:27:40, MOVE, v:1, k:ed@soma, mode:EDIT
2026-07-06 17:29:05, MOVE, v:1, k:ed@soma, mode:BACK
2026-07-06 18:03:03, MOVE, v:1, k:ed@soma, mode:EDIT
2026-07-06 19:01:37, MOVE, v:1, k:ed@soma, mode:PICK
2026-07-06 19:02:45, MOVE, v:1, k:ed@soma, mode:EDIT
2026-07-06 19:04:59, EXEC, v:1, k:ed@soma, mode:FULL, rate:14, size:95
2026-07-06 19:06:06, EXEC, v:1, k:ed@soma, mode:FULL, rate:71, size:107
2026-07-06 19:07:43, MOVE, v:1, k:ed@soma, mode:EDIT
2026-07-06 19:06:06, MOVE, v:1, k:ed@soma, mode:EDIT
2026-07-06 19:09:36, EXEC, v:1, k:ed@soma, mode:FULL, rate:14, size:115
2026-07-06 19:09:54, EXEC, v:1, k:ed@soma, mode:FULL, rate:85, size:115
2026-07-06 19:11:55, EXEC, v:1, k:ed@soma, mode:FULL, rate:85
2026-07-06 19:12:00, EXEC, v:1, k:ed@soma, mode:FULL, rate:85
2026-07-06 19:12:26, MOVE, v:1, k:ed@soma, mode:EDIT
2026-07-06 19:12:00, MOVE, v:1, k:ed@soma, mode:EDIT
2026-07-06 19:16:14, EXEC, v:1, k:ed@soma, mode:FULL, rate:85, size:115
2026-07-06 19:16:17, EXEC, v:1, k:ed@soma, mode:FULL, rate:85
2026-07-06 19:16:18, EXEC, v:1, k:ed@soma, mode:FULL, rate:85
2026-07-06 19:17:17, EXEC, v:1, k:ed@soma, mode:FULL, rate:85, size:115
2026-07-06 19:16:25, MOVE, v:1, k:ed@soma, mode:EDIT
2026-07-06 19:17:16, MOVE, v:1, k:ed@soma, mode:EDIT
2026-07-06 19:17:59, EXEC, v:1, k:ed@soma, mode:FULL, rate:85, size:115
2026-07-06 19:18:14, EXEC, v:1, k:ed@soma, mode:FULL, rate:85, size:115
2026-07-06 19:18:17, EXEC, v:1, k:ed@soma, mode:FULL, rate:85
2026-07-06 19:18:18, EXEC, v:1, k:ed@soma, mode:FULL, rate:85
2026-07-06 19:18:20, EXEC, v:1, k:ed@soma, mode:FULL, rate:85
2026-07-06 19:18:22, EXEC, v:1, k:ed@soma, mode:FULL, rate:85
2026-07-06 19:18:23, EXEC, v:1, k:ed@soma, mode:FULL, rate:85
2026-07-06 19:18:25, EXEC, v:1, k:ed@soma, mode:FULL, rate:85
2026-07-06 19:18:26, EXEC, v:1, k:ed@soma, mode:FULL, rate:85
2026-07-06 19:18:28, EXEC, v:1, k:ed@soma, mode:FULL, rate:85
2026-07-06 19:18:29, EXEC, v:1, k:ed@soma, mode:FULL, rate:85
2026-07-06 19:19:37, EXEC, v:1, k:ed@soma, mode:FULL, rate:42, size:117
2026-07-06 19:20:17, EXEC, v:1, k:ed@soma, mode:FULL, rate:42, size:117
2026-07-06 19:20:38, EXEC, v:1, k:ed@soma, mode:FULL, rate:0, size:118
2026-07-06 19:21:58, MOVE, v:1, k:ed@soma, mode:BACK
2026-07-06 19:22:01, MOVE, v:1, k:ed@clonar, mode:PICK
2026-07-06 19:22:46, MOVE, v:1, k:ed@soma, mode:EDIT
2026-07-06 19:20:38, MOVE, v:1, k:ed@soma, mode:EDIT
2026-07-06 19:23:17, EXEC, v:1, k:ed@clonar, mode:FULL, rate:100
2026-07-06 19:23:18, MOVE, v:1, k:ed@clonar, mode:BACK
2026-07-06 19:23:32, SELF, v:1, k:ed@soma, self:1, study:35
2026-07-06 19:23:36, MOVE, v:1, k:ed@altura, mode:DOWN
2026-07-06 19:25:02, MOVE, v:1, k:ed@soma, mode:PICK
2026-07-06 19:25:03, EXEC, v:1, k:ed@soma, mode:FULL, rate:100, size:129
2026-07-06 19:25:04, MOVE, v:1, k:ed@soma, mode:BACK
2026-07-06 19:25:08, SELF, v:1, k:ed@soma, self:1, rate:100, study:35
2026-07-06 19:25:36, MOVE, v:1, k:ed@altura, mode:PICK
2026-07-06 19:25:47, MOVE, v:1, k:ed@altura, mode:BACK
2026-07-06 19:23:16, MOVE, v:1, k:ed@soma, mode:EDIT
2026-07-06 19:23:17, MOVE, v:1, k:ed@clonar, mode:EDIT
2026-07-06 19:23:36, MOVE, v:1, k:ed@altura, mode:EDIT
2026-07-06 19:23:36, MOVE, v:1, k:ed@altura, mode:EDIT
2026-07-06 19:25:03, MOVE, v:1, k:ed@soma, mode:EDIT
2026-07-06 19:32:03, MOVE, v:1, k:ed@altura, mode:PICK
2026-07-06 19:37:41, MOVE, v:1, k:ed@altura, mode:EDIT
2026-07-06 19:40:20, MOVE, v:1, k:ed@altura, mode:EDIT
2026-07-06 19:55:18, EXEC, v:1, k:ed@altura, mode:FULL, rate:0, size:132
2026-07-06 19:57:00, EXEC, v:1, k:ed@altura, mode:FULL, rate:0, size:132
2026-07-06 19:57:13, EXEC, v:1, k:ed@altura, mode:FULL, rate:0, size:132
2026-07-06 19:57:43, EXEC, v:1, k:ed@altura, mode:FULL, rate:0
2026-07-06 19:57:42, MOVE, v:1, k:ed@altura, mode:EDIT
2026-07-06 19:57:43, MOVE, v:1, k:ed@altura, mode:EDIT
2026-07-06 19:58:15, EXEC, v:1, k:ed@altura, mode:FULL, rate:0, size:131
2026-07-06 19:59:13, EXEC, v:1, k:ed@altura, mode:FULL, rate:0, size:131
2026-07-06 20:00:05, EXEC, v:1, k:ed@altura, mode:FULL, rate:0, size:135
2026-07-06 20:00:40, EXEC, v:1, k:ed@altura, mode:FULL, rate:0, size:135
2026-07-06 20:00:50, EXEC, v:1, k:ed@altura, mode:FULL, rate:0, size:135
2026-07-06 20:01:22, EXEC, v:1, k:ed@altura, mode:FULL, rate:0, size:134
2026-07-06 20:01:23, EXEC, v:1, k:ed@altura, mode:FULL, rate:0
2026-07-06 20:02:00, EXEC, v:1, k:ed@altura, mode:FULL, rate:0, size:135
2026-07-06 20:02:47, EXEC, v:1, k:ed@altura, mode:FULL, rate:0, size:139
2026-07-06 20:02:46, MOVE, v:1, k:ed@altura, mode:EDIT
2026-07-06 20:02:46, MOVE, v:1, k:ed@altura, mode:EDIT
2026-07-06 20:03:53, MOVE, v:1, k:ed@altura, mode:EDIT
2026-07-06 20:28:19, MOVE, v:1, k:ed@altura, mode:BACK
2026-07-06 20:39:59, MOVE, v:1, k:ed@altura, mode:PICK
2026-07-06 20:40:15, EXEC, v:1, k:ed@altura, mode:FULL, rate:0, size:130
2026-07-06 20:41:48, EXEC, v:1, k:ed@altura, mode:FULL, rate:0, size:140
2026-07-06 20:42:16, EXEC, v:1, k:ed@altura, mode:FULL, rate:0, size:139
2026-07-06 20:42:16, EXEC, v:1, k:ed@altura, mode:FULL, rate:0
2026-07-06 20:43:20, EXEC, v:1, k:ed@altura, mode:FULL, rate:0, size:139
2026-07-06 20:43:26, EXEC, v:1, k:ed@altura, mode:FULL, rate:14, size:139
2026-07-06 20:43:46, EXEC, v:1, k:ed@altura, mode:FULL, rate:14, size:140
2026-07-06 20:43:46, MOVE, v:1, k:ed@altura, mode:EDIT
2026-07-06 20:43:45, MOVE, v:1, k:ed@altura, mode:EDIT
2026-07-06 20:45:10, EXEC, v:1, k:ed@altura, mode:FULL, rate:0, size:141
2026-07-06 20:45:50, EXEC, v:1, k:ed@altura, mode:FULL, rate:14, size:141
2026-07-06 20:46:04, EXEC, v:1, k:ed@altura, mode:FULL, rate:14, size:141
2026-07-06 20:47:38, EXEC, v:1, k:ed@altura, mode:FULL, rate:14, size:142
2026-07-06 20:47:48, EXEC, v:1, k:ed@altura, mode:FULL, rate:14, size:140
2026-07-06 20:48:03, EXEC, v:1, k:ed@altura, mode:FULL, rate:14, size:140
2026-07-06 20:48:15, EXEC, v:1, k:ed@altura, mode:FULL, rate:14, size:141
2026-07-06 20:49:31, MOVE, v:1, k:ed@altura, mode:EDIT
2026-07-06 20:48:15, MOVE, v:1, k:ed@altura, mode:EDIT
2026-07-06 20:51:05, EXEC, v:1, k:ed@altura, mode:FULL, rate:14, size:138
2026-07-06 20:51:43, EXEC, v:1, k:ed@altura, mode:FULL, rate:14, size:138
2026-07-06 20:52:31, EXEC, v:1, k:ed@altura, mode:FULL, rate:14, size:138
2026-07-06 20:52:45, MOVE, v:1, k:ed@altura, mode:BACK
2026-07-06 20:54:00, MOVE, v:1, k:ed@altura, mode:PICK
2026-07-06 20:54:16, EXEC, v:1, k:ed@altura, mode:FULL, rate:14
2026-07-06 20:54:30, MOVE, v:1, k:ed@altura, mode:EDIT
2026-07-06 20:54:16, MOVE, v:1, k:ed@altura, mode:EDIT
2026-07-06 20:57:06, MOVE, v:1, k:ed@altura, mode:EDIT
2026-07-06 21:01:04, EXEC, v:1, k:ed@altura, mode:FULL, rate:14, size:157
2026-07-06 21:01:11, EXEC, v:1, k:ed@altura, mode:FULL, rate:0, size:157
2026-07-06 21:01:10, MOVE, v:1, k:ed@altura, mode:EDIT
2026-07-06 21:01:11, MOVE, v:1, k:ed@altura, mode:EDIT
2026-07-06 21:09:27, MOVE, v:1, k:ed@altura, mode:EDIT
2026-07-06 21:14:14, EXEC, v:1, k:ed@altura, mode:FULL, rate:42, size:146
2026-07-06 21:14:27, EXEC, v:1, k:ed@altura, mode:FULL, rate:42, size:146
2026-07-06 21:14:30, EXEC, v:1, k:ed@altura, mode:FULL, rate:42
2026-07-06 21:14:31, EXEC, v:1, k:ed@altura, mode:FULL, rate:42
2026-07-06 21:14:27, MOVE, v:1, k:ed@altura, mode:EDIT
2026-07-06 21:14:31, MOVE, v:1, k:ed@altura, mode:EDIT
2026-07-06 21:18:39, EXEC, v:1, k:ed@altura, mode:FULL, rate:42, size:147
2026-07-06 21:18:39, EXEC, v:1, k:ed@altura, mode:FULL, rate:42
2026-07-06 21:19:21, EXEC, v:1, k:ed@altura, mode:FULL, rate:42
2026-07-06 21:18:06, MOVE, v:1, k:ed@altura, mode:EDIT
2026-07-06 21:19:21, MOVE, v:1, k:ed@altura, mode:EDIT
2026-07-06 21:30:05, EXEC, v:1, k:ed@altura, mode:FULL, rate:42
2026-07-06 21:31:41, EXEC, v:1, k:ed@altura, mode:FULL, rate:14, size:152
2026-07-06 21:31:55, EXEC, v:1, k:ed@altura, mode:FULL, rate:100, size:152
2026-07-06 21:31:56, MOVE, v:1, k:ed@altura, mode:BACK
2026-07-06 21:32:04, SELF, v:1, k:ed@altura, self:1, rate:100, study:35
2026-07-06 21:32:08, MOVE, v:1, k:ed@compare, mode:DOWN
2026-07-06 21:32:48, MOVE, v:1, k:ed@compare, mode:PICK
2026-07-06 21:32:51, MOVE, v:1, k:ed@compare, mode:BACK
2026-07-06 21:33:05, MOVE, v:1, k:ed@compare, mode:PICK
2026-07-06 21:31:55, MOVE, v:1, k:ed@altura, mode:EDIT
2026-07-06 21:31:54, MOVE, v:1, k:ed@altura, mode:EDIT
2026-07-06 21:32:08, MOVE, v:1, k:ed@compare, mode:EDIT
2026-07-06 21:32:08, MOVE, v:1, k:ed@compare, mode:EDIT
2026-07-06 21:49:20, MOVE, v:1, k:ed@compare, mode:EDIT
2026-07-06 21:54:34, MOVE, v:1, k:ed@compare, mode:EDIT
2026-07-06 21:55:00, EXEC, v:1, k:ed@compare, mode:FULL, rate:25, size:95
2026-07-06 21:55:31, EXEC, v:1, k:ed@compare, mode:FULL, rate:25, size:97
2026-07-06 21:59:35, MOVE, v:1, k:ed@compare, mode:EDIT
2026-07-06 21:55:30, MOVE, v:1, k:ed@compare, mode:EDIT
2026-07-06 22:01:56, EXEC, v:1, k:ed@compare, mode:FULL, rate:62, size:99
2026-07-06 22:03:33, EXEC, v:1, k:ed@compare, mode:FULL, rate:62, size:100
2026-07-06 22:04:31, EXEC, v:1, k:ed@compare, mode:FULL, rate:62, size:102
2026-07-06 22:04:31, MOVE, v:1, k:ed@compare, mode:EDIT
2026-07-06 22:04:31, MOVE, v:1, k:ed@compare, mode:EDIT
2026-07-06 22:05:24, EXEC, v:1, k:ed@compare, mode:FULL, size:99, fail:COMP
2026-07-06 22:05:25, EXEC, v:1, k:ed@compare, mode:FULL, fail:COMP
2026-07-06 22:05:38, EXEC, v:1, k:ed@compare, mode:FULL, rate:62, size:97
2026-07-06 22:06:03, EXEC, v:1, k:ed@compare, mode:FULL, rate:62, size:97
2026-07-06 22:06:44, EXEC, v:1, k:ed@compare, mode:FULL, rate:62, size:99
2026-07-06 22:06:45, EXEC, v:1, k:ed@compare, mode:FULL, rate:62
2026-07-06 22:07:03, EXEC, v:1, k:ed@compare, mode:FULL, rate:62, size:99
2026-07-06 22:07:04, EXEC, v:1, k:ed@compare, mode:FULL, rate:62
2026-07-06 22:08:46, EXEC, v:1, k:ed@compare, mode:FULL, rate:75, size:101
2026-07-06 22:09:09, EXEC, v:1, k:ed@compare, mode:FULL, rate:75, size:101
2026-07-06 22:09:11, EXEC, v:1, k:ed@compare, mode:FULL, rate:75
2026-07-06 22:09:18, EXEC, v:1, k:ed@compare, mode:FULL, rate:75, size:101
2026-07-06 22:09:28, EXEC, v:1, k:ed@compare, mode:FULL, rate:75, size:101
2026-07-06 22:09:27, MOVE, v:1, k:ed@compare, mode:EDIT
2026-07-06 22:09:27, MOVE, v:1, k:ed@compare, mode:EDIT
2026-07-06 22:09:51, EXEC, v:1, k:ed@compare, mode:FULL, rate:75, size:101
2026-07-06 22:10:02, EXEC, v:1, k:ed@compare, mode:FULL, rate:25, size:101
2026-07-06 22:10:06, EXEC, v:1, k:ed@compare, mode:FULL, rate:75, size:101
2026-07-06 22:10:19, EXEC, v:1, k:ed@compare, mode:FULL, rate:100, size:102
2026-07-06 22:10:20, MOVE, v:1, k:ed@compare, mode:BACK
2026-07-06 22:10:29, SELF, v:1, k:ed@compare, self:1, rate:100, study:20
2026-07-06 22:10:29, MOVE, v:1, k:ed@compare, mode:PICK
2026-07-06 22:10:30, MOVE, v:1, k:ed@compare, mode:BACK
2026-07-06 22:12:40, MOVE, v:1, k:ed@arvore-path, mode:PICK
2026-07-06 22:10:17, MOVE, v:1, k:ed@compare, mode:EDIT
2026-07-06 22:10:19, MOVE, v:1, k:ed@compare, mode:EDIT
2026-07-06 22:13:47, MOVE, v:1, k:ed@arvore-path, mode:EDIT
2026-07-06 22:18:13, MOVE, v:1, k:ed@arvore-path, mode:EDIT
2026-07-06 22:20:06, MOVE, v:1, k:ed@arvore-path, mode:EDIT
2026-07-06 22:27:57, EXEC, v:1, k:ed@arvore-path, mode:FULL, rate:25, size:92
2026-07-06 22:27:49, MOVE, v:1, k:ed@arvore-path, mode:EDIT
2026-07-06 22:27:57, MOVE, v:1, k:ed@arvore-path, mode:EDIT
2026-07-06 22:29:52, EXEC, v:1, k:ed@arvore-path, mode:FULL, rate:87, size:92
2026-07-06 22:30:26, EXEC, v:1, k:ed@arvore-path, mode:FULL, rate:50, size:92
2026-07-06 22:31:24, EXEC, v:1, k:ed@arvore-path, mode:FULL, rate:100, size:92
2026-07-06 22:31:25, MOVE, v:1, k:ed@arvore-path, mode:BACK
2026-07-06 22:31:30, SELF, v:1, k:ed@arvore-path, self:1, rate:100, study:10
2026-07-06 22:31:39, SELF, v:1, k:ed@compare, self:1, rate:100, study:20
2026-07-06 22:31:42, MOVE, v:1, k:ed@bst_insert, mode:DOWN
2026-07-06 22:32:34, MOVE, v:1, k:ed@bst_insert, mode:PICK
2026-07-06 22:32:36, MOVE, v:1, k:ed@bst_insert, mode:BACK
2026-07-06 22:32:59, MOVE, v:1, k:ed@bst_insert, mode:PICK
2026-07-06 22:31:23, MOVE, v:1, k:ed@arvore-path, mode:EDIT
2026-07-06 22:31:23, MOVE, v:1, k:ed@arvore-path, mode:EDIT
2026-07-06 22:31:41, MOVE, v:1, k:ed@bst_insert, mode:EDIT
2026-07-06 22:31:42, MOVE, v:1, k:ed@bst_insert, mode:EDIT
2026-07-06 22:39:37, MOVE, v:1, k:ed@bst_insert, mode:EDIT
2026-07-06 22:41:16, EXEC, v:1, k:ed@bst_insert, mode:FULL, rate:0, size:79
2026-07-06 22:42:18, EXEC, v:1, k:ed@bst_insert, mode:FULL, rate:0, size:79
2026-07-06 22:42:38, EXEC, v:1, k:ed@bst_insert, mode:FULL, rate:0, size:77
2026-07-06 22:42:47, EXEC, v:1, k:ed@bst_insert, mode:FULL, rate:0
2026-07-06 22:44:35, MOVE, v:1, k:ed@bst_insert, mode:EDIT
2026-07-06 22:42:45, MOVE, v:1, k:ed@bst_insert, mode:EDIT
2026-07-06 22:44:40, EXEC, v:1, k:ed@bst_insert, mode:FULL, rate:0, size:73
2026-07-06 22:45:13, EXEC, v:1, k:ed@bst_insert, mode:FULL, rate:16, size:74
2026-07-06 22:45:37, EXEC, v:1, k:ed@bst_insert, mode:FULL, size:74, fail:COMP
2026-07-06 22:45:38, EXEC, v:1, k:ed@bst_insert, mode:FULL, rate:33, size:74
2026-07-06 22:46:16, EXEC, v:1, k:ed@bst_insert, mode:FULL, rate:16, size:80
2026-07-06 22:46:40, EXEC, v:1, k:ed@bst_insert, mode:FULL, rate:16, size:82
2026-07-06 22:48:02, EXEC, v:1, k:ed@bst_insert, mode:FULL, rate:0, size:85
2026-07-06 22:48:03, EXEC, v:1, k:ed@bst_insert, mode:FULL, rate:0
2026-07-06 22:48:03, MOVE, v:1, k:ed@bst_insert, mode:EDIT
2026-07-06 22:49:36, MOVE, v:1, k:ed@bst_insert, mode:EDIT
2026-07-06 22:49:54, EXEC, v:1, k:ed@bst_insert, mode:FULL, rate:16, size:89
2026-07-06 22:54:36, MOVE, v:1, k:ed@bst_insert, mode:EDIT
2026-07-06 22:49:54, MOVE, v:1, k:ed@bst_insert, mode:EDIT
2026-07-06 22:54:54, EXEC, v:1, k:ed@bst_insert, mode:FULL, rate:16, size:86
2026-07-06 22:55:09, EXEC, v:1, k:ed@bst_insert, mode:FULL, rate:16, size:86
2026-07-06 22:55:09, EXEC, v:1, k:ed@bst_insert, mode:FULL, rate:16
2026-07-06 22:55:10, EXEC, v:1, k:ed@bst_insert, mode:FULL, rate:16
2026-07-06 22:55:28, EXEC, v:1, k:ed@bst_insert, mode:FULL, rate:16, size:86
2026-07-06 22:55:29, EXEC, v:1, k:ed@bst_insert, mode:FULL, rate:16
2026-07-06 22:55:29, EXEC, v:1, k:ed@bst_insert, mode:FULL, rate:16
2026-07-06 22:55:30, EXEC, v:1, k:ed@bst_insert, mode:FULL, rate:16
2026-07-06 22:57:21, MOVE, v:1, k:ed@bst_insert, mode:BACK
2026-07-06 22:58:24, MOVE, v:1, k:ed@ilhas, mode:PICK
2026-07-06 23:15:24, MOVE, v:1, k:ed@caminho, mode:PICK
2026-07-06 23:15:28, MOVE, v:1, k:ed@caminho, mode:BACK
2026-07-06 23:15:30, MOVE, v:1, k:ed@rotten, mode:DOWN
2026-07-06 23:15:30, MOVE, v:1, k:ed@rotten, mode:PICK
2026-07-06 23:15:33, EXEC, v:1, k:ed@rotten, mode:FULL, rate:0, size:5
2026-07-06 23:16:40, MOVE, v:1, k:ed@rotten, mode:BACK
